CONUS Grazing: 13462 PRF grids from prf_grid_county
13058 to score, 404 already in prf_opt_best; estimated 152 min at 0.7 s/grid (~25 min with jobs=6)
[250/13058] swept=250 skipped=0 elapsed=1.3m eta=68.5m | FL:107 LA:1 TX:142
[500/13058] swept=500 skipped=0 elapsed=2.5m eta=62.2m | FL:156 LA:51 TX:293
[750/13058] swept=750 skipped=0 elapsed=3.6m eta=59.4m | AL:10 FL:223 LA:105 MS:8 TX:404
[1000/13058] swept=1000 skipped=0 elapsed=4.7m eta=56.5m | AL:38 AZ:9 FL:228 GA:25 LA:138 MS:20 NM:3 TX:539
[1250/13058] swept=1250 skipped=0 elapsed=5.9m eta=55.7m | AL:66 AZ:36 FL:228 GA:57 LA:168 MS:42 NM:16 TX:637
[1500/13058] swept=1500 skipped=0 elapsed=6.9m eta=52.9m | AL:95 AZ:76 FL:228 GA:90 LA:183 MS:61 NM:64 SC:1 TX:702
[1750/13058] swept=1750 skipped=0 elapsed=7.8m eta=50.5m | AL:125 AZ:122 CA:18 FL:228 GA:120 LA:211 MS:79 NM:96 SC:9 TX:742
[2000/13058] swept=2000 skipped=0 elapsed=8.7m eta=48.1m | AL:146 AR:13 AZ:148 CA:43 FL:228 GA:135 LA:224 MS:99 NM:136 SC:16 TX:812
[2250/13058] swept=2250 skipped=0 elapsed=9.7m eta=46.7m | AL:166 AR:26 AZ:191 CA:59 FL:228 GA:164 LA:224 MS:109 NM:184 SC:36 TX:863
[2500/13058] swept=2500 skipped=0 elapsed=10.6m eta=44.7m | AL:191 AR:55 AZ:215 CA:99 FL:228 GA:187 LA:224 MS:129 NC:1 NM:208 OK:20 SC:48 TX:895
[2750/13058] swept=2750 skipped=0 elapsed=11.6m eta=43.5m | AL:203 AR:70 AZ:258 CA:123 FL:228 GA:202 LA:224 MS:139 NC:10 NM:256 OK:41 SC:74 TX:922
[3000/13058] swept=3000 skipped=0 elapsed=12.5m eta=41.9m | AL:226 AR:103 AZ:281 CA:163 FL:228 GA:218 LA:224 MS:156 NC:18 NM:280 OK:84 SC:86 TX:933
[3250/13058] swept=3250 skipped=0 elapsed=13.5m eta=40.7m | AL:237 AR:121 AZ:327 CA:196 FL:228 GA:233 LA:224 MS:163 NC:50 NM:313 OK:107 SC:107 TX:944
[3500/13058] swept=3500 skipped=0 elapsed=14.4m eta=39.4m | AL:241 AR:157 AZ:350 CA:221 FL:228 GA:234 LA:224 MS:163 NC:83 NM:352 OK:153 SC:107 TN:21 TX:966
[3750/13058] swept=3750 skipped=0 elapsed=15.3m eta=38.0m | AL:241 AR:176 AZ:373 CA:264 FL:228 GA:234 LA:224 MS:163 NC:146 NM:376 NV:2 OK:176 SC:107 TN:63 TX:977
[4000/13058] swept=4000 skipped=0 elapsed=16.3m eta=36.9m | AL:241 AR:197 AZ:420 CA:294 FL:228 GA:234 LA:224 MS:163 NC:185 NM:424 NV:8 OK:198 SC:107 TN:88 TX:989
[4250/13058] swept=4250 skipped=0 elapsed=17.4m eta=36.1m | AL:241 AR:237 AZ:441 CA:318 FL:228 GA:234 KY:4 LA:224 MO:1 MS:163 NC:215 NM:448 NV:15 OK:249 SC:107 TN:122 TX:1003
[4500/13058] swept=4500 skipped=0 elapsed=18.3m eta=34.9m | AL:241 AR:237 AZ:462 CA:361 FL:228 GA:234 KY:31 LA:224 MO:21 MS:163 NC:264 NM:472 NV:24 OK:282 SC:107 TN:146 TX:1003
[4750/13058] swept=4750 skipped=0 elapsed=19.4m eta=34.0m | AL:241 AR:237 AZ:499 CA:384 CO:53 FL:228 GA:234 IL:2 KS:30 KY:56 LA:224 MO:41 MS:163 NC:264 NM:476 NV:45 OK:285 SC:107 TN:146 TX:1003 UT:4 VA:28
[5000/13058] swept=5000 skipped=0 elapsed=20.6m eta=33.1m | AL:241 AR:237 AZ:499 CA:404 CO:82 FL:228 GA:234 IL:14 KS:87 KY:91 LA:224 MO:80 MS:163 NC:264 NM:476 NV:59 OK:285 SC:107 TN:146 TX:1003 UT:23 VA:53
[5250/13058] swept=5250 skipped=0 elapsed=21.6m eta=32.2m | AL:241 AR:237 AZ:499 CA:442 CO:111 FL:228 GA:234 IL:21 KS:117 KY:129 LA:224 MO:99 MS:163 NC:264 NM:476 NV:81 OK:285 SC:107 TN:146 TX:1003 UT:42 VA:96 WV:5
[5500/13058] swept=5500 skipped=0 elapsed=22.7m eta=31.2m | AL:241 AR:237 AZ:499 CA:460 CO:169 FL:228 GA:234 IL:30 IN:8 KS:150 KY:144 LA:224 MD:2 MO:116 MS:163 NC:264 NM:476 NV:108 OK:285 SC:107 TN:146 TX:1003 UT:80 VA:114 WV:12
[5750/13058] swept=5750 skipped=0 elapsed=23.8m eta=30.3m | AL:241 AR:237 AZ:499 CA:478 CO:198 FL:228 GA:234 IL:53 IN:19 KS:207 KY:157 LA:224 MD:9 MO:148 MS:163 NC:264 NM:476 NV:127 OK:285 SC:107 TN:146 TX:1003 UT:99 VA:126 WV:22
[6000/13058] swept=6000 skipped=0 elapsed=24.9m eta=29.3m | AL:241 AR:237 AZ:499 CA:511 CO:227 DE:3 FL:228 GA:234 IL:66 IN:34 KS:237 KY:178 LA:224 MD:19 MO:164 MS:163 NC:264 NM:476 NV:148 OH:3 OK:285 SC:107 TN:146 TX:1003 UT:118 VA:144 WV:41
[6250/13058] swept=6250 skipped=0 elapsed=26.1m eta=28.4m | AL:241 AR:237 AZ:499 CA:527 CO:261 DE:9 FL:228 GA:234 IL:80 IN:44 KS:267 KY:183 LA:224 MD:30 MO:179 MS:163 NC:264 NJ:1 NM:476 NV:194 OH:10 OK:285 SC:107 TN:146 TX:1003 UT:156 VA:151 WV:51
[6500/13058] swept=6500 skipped=0 elapsed=27.1m eta=27.4m | AL:241 AR:237 AZ:499 CA:543 CO:314 DE:12 FL:228 GA:234 IL:93 IN:55 KS:325 KY:185 LA:224 MD:38 MO:194 MS:163 NC:264 NJ:4 NM:476 NV:218 OH:21 OK:285 SC:107 TN:146 TX:1003 UT:175 VA:155 WV:61
[6750/13058] swept=6750 skipped=0 elapsed=28.2m eta=26.3m | AL:241 AR:237 AZ:499 CA:565 CO:343 DE:15 FL:228 GA:234 IL:124 IN:77 KS:355 KY:185 LA:224 MD:49 MO:221 MS:163 NC:264 NJ:8 NM:476 NV:242 OH:40 OK:285 SC:107 TN:146 TX:1003 UT:194 VA:157 WV:68
[7000/13058] swept=7000 skipped=0 elapsed=29.2m eta=25.3m | AL:241 AR:237 AZ:499 CA:593 CO:372 DE:21 FL:228 GA:234 IL:140 IN:88 KS:384 KY:185 LA:224 MD:63 MO:234 MS:163 NC:264 NJ:18 NM:476 NV:265 OH:69 OK:285 PA:23 SC:107 TN:146 TX:1003 UT:213 VA:157 WV:68
[7250/13058] swept=7250 skipped=0 elapsed=30.4m eta=24.3m | AL:241 AR:237 AZ:499 CA:614 CO:404 DE:21 FL:228 GA:234 IL:157 IN:99 KS:411 KY:185 LA:224 MD:63 MO:248 MS:163 NC:264 NJ:24 NM:476 NV:311 OH:86 OK:285 PA:44 SC:107 TN:146 TX:1003 UT:251 VA:157 WV:68
[7500/13058] swept=7500 skipped=0 elapsed=31.5m eta=23.3m | AL:241 AR:237 AZ:499 CA:633 CO:459 DE:21 FL:228 GA:234 IA:2 IL:172 IN:110 KS:411 KY:185 LA:224 MD:63 MO:264 MS:163 NC:264 NE:46 NJ:30 NM:476 NV:334 OH:103 OK:285 PA:65 SC:107 TN:146 TX:1003 UT:270 VA:157 WV:68
[7750/13058] swept=7750 skipped=0 elapsed=32.5m eta=22.2m | AL:241 AR:237 AZ:499 CA:651 CO:488 DE:21 FL:228 GA:234 IA:43 IL:199 IN:129 KS:411 KY:185 LA:224 MD:63 MO:264 MS:163 NC:264 NE:73 NJ:35 NM:476 NV:357 NY:4 OH:120 OK:285 PA:86 SC:107 TN:146 TX:1003 UT:289 VA:157 WV:68
[8000/13058] swept=8000 skipped=0 elapsed=33.6m eta=21.3m | AL:241 AR:237 AZ:499 CA:669 CO:512 CT:1 DE:21 FL:228 GA:234 IA:64 IL:212 IN:143 KS:411 KY:185 LA:224 MD:63 MO:264 MS:163 NC:264 NE:97 NJ:41 NM:476 NV:380 NY:10 OH:154 OK:285 PA:128 SC:107 TN:146 TX:1003 UT:302 VA:157 WV:68 WY:11
[8250/13058] swept=8250 skipped=0 elapsed=34.7m eta=20.2m | AL:241 AR:237 AZ:499 CA:705 CO:512 CT:13 DE:21 FL:228 GA:234 IA:87 IL:224 IN:154 KS:411 KY:185 LA:224 MA:4 MD:63 MO:264 MS:163 NC:264 NE:129 NJ:50 NM:476 NV:406 NY:15 OH:171 OK:285 PA:150 RI:2 SC:107 TN:146 TX:1003 UT:314 VA:157 WV:68 WY:38
[8500/13058] swept=8500 skipped=0 elapsed=35.8m eta=19.2m | AL:241 AR:237 AZ:499 CA:723 CO:512 CT:21 DE:21 FL:228 GA:234 IA:111 IL:235 IN:165 KS:411 KY:185 LA:224 MA:11 MD:63 MI:6 MO:264 MS:163 NC:264 NE:161 NJ:50 NM:476 NV:436 NY:21 OH:181 OK:285 PA:171 RI:3 SC:107 TN:146 TX:1003 UT:328 VA:157 WV:68 WY:89
[8750/13058] swept=8750 skipped=0 elapsed=37.0m eta=18.2m | AL:241 AR:237 AZ:499 CA:732 CO:512 CT:29 DE:21 FL:228 GA:234 IA:162 IL:250 IN:174 KS:411 KY:185 LA:224 MA:17 MD:63 MI:13 MO:264 MS:163 NC:264 NE:224 NJ:50 NM:476 NV:436 NY:45 OH:185 OK:285 OR:20 PA:174 RI:4 SC:107 TN:146 TX:1003 UT:328 VA:157 WV:68 WY:119
[9000/13058] swept=9000 skipped=0 elapsed=38.1m eta=17.2m | AL:241 AR:237 AZ:499 CA:732 CO:512 CT:36 DE:21 FL:228 GA:234 IA:187 IL:265 IN:174 KS:411 KY:185 LA:224 MA:35 MD:63 MI:41 MO:264 MS:163 NC:264 NE:255 NJ:50 NM:476 NV:436 NY:96 OH:185 OK:285 OR:66 PA:176 RI:4 SC:107 TN:146 TX:1003 UT:328 VA:157 WV:68 WY:146
[9250/13058] swept=9250 skipped=0 elapsed=39.3m eta=16.2m | AL:241 AR:237 AZ:499 CA:732 CO:512 CT:36 DE:21 FL:228 GA:234 IA:220 IL:270 IN:174 KS:411 KY:185 LA:224 MA:47 MD:63 MI:56 MO:264 MS:163 NC:264 NE:315 NJ:50 NM:476 NV:436 NY:120 OH:185 OK:285 OR:107 PA:176 RI:4 SC:107 TN:146 TX:1003 UT:328 VA:157 WI:6 WV:68 WY:200
[9500/13058] swept=9500 skipped=0 elapsed=40.3m eta=15.1m | AL:241 AR:237 AZ:499 CA:732 CO:512 CT:36 DE:21 FL:228 GA:234 IA:258 IL:270 IN:174 KS:411 KY:185 LA:224 MA:49 MD:63 ME:2 MI:88 MO:264 MS:163 NC:264 NE:321 NH:12 NJ:50 NM:476 NV:436 NY:166 OH:185 OK:285 OR:137 PA:176 RI:4 SC:107 SD:24 TN:146 TX:1003 UT:328 VA:157 VT:5 WI:32 WV:68 WY:227
[9750/13058] swept=9750 skipped=0 elapsed=41.5m eta=14.1m | AL:241 AR:237 AZ:499 CA:732 CO:512 CT:36 DE:21 FL:228 GA:234 IA:281 IL:270 IN:174 KS:411 KY:185 LA:224 MA:49 MD:63 ME:5 MI:104 MO:264 MS:163 NC:264 NE:321 NH:18 NJ:50 NM:476 NV:436 NY:190 OH:185 OK:285 OR:193 PA:176 RI:4 SC:107 SD:77 TN:146 TX:1003 UT:328 VA:157 VT:7 WI:45 WV:68 WY:281
[10000/13058] swept=10000 skipped=0 elapsed=42.6m eta=13.0m | AL:241 AR:237 AZ:499 CA:732 CO:512 CT:36 DE:21 FL:228 GA:234 IA:299 IL:270 IN:174 KS:411 KY:185 LA:224 MA:49 MD:63 ME:12 MI:137 MN:27 MO:264 MS:163 NC:264 NE:321 NH:29 NJ:50 NM:476 NV:436 NY:217 OH:185 OK:285 OR:221 PA:176 RI:4 SC:107 SD:115 TN:146 TX:1003 UT:328 VA:157 VT:13 WI:73 WV:68 WY:308
[10250/13058] swept=10250 skipped=0 elapsed=43.8m eta=12.0m | AL:241 AR:237 AZ:499 CA:732 CO:512 CT:36 DE:21 FL:228 GA:234 IA:299 IL:270 IN:174 KS:411 KY:185 LA:224 MA:49 MD:63 ME:27 MI:152 MN:48 MO:264 MS:163 NC:264 NE:321 NH:33 NJ:50 NM:476 NV:436 NY:230 OH:185 OK:285 OR:277 PA:176 RI:4 SC:107 SD:168 TN:146 TX:1003 UT:328 VA:157 VT:17 WI:88 WV:68 WY:362
[10500/13058] swept=10500 skipped=0 elapsed=44.8m eta=10.9m | AL:241 AR:237 AZ:499 CA:732 CO:512 CT:36 DE:21 FL:228 GA:234 IA:299 IL:270 IN:174 KS:411 KY:185 LA:224 MA:49 MD:63 ME:44 MI:178 MN:84 MO:264 MS:163 MT:1 NC:264 NE:321 NH:39 NJ:50 NM:476 NV:436 NY:251 OH:185 OK:285 OR:305 PA:176 RI:4 SC:107 SD:208 TN:146 TX:1003 UT:328 VA:157 VT:27 WI:126 WV:68 WY:389
[10750/13058] swept=10750 skipped=0 elapsed=45.9m eta=9.9m | AL:241 AR:237 AZ:499 CA:732 CO:512 CT:36 DE:21 FL:228 GA:234 IA:299 IL:270 IN:174 KS:411 KY:185 LA:224 MA:49 MD:63 ME:75 MI:190 MN:99 MO:264 MS:163 MT:59 NC:264 NE:321 NH:41 NJ:50 NM:476 NV:436 NY:259 OH:185 OK:285 OR:361 PA:176 RI:4 SC:107 SD:238 TN:146 TX:1003 UT:328 VA:157 VT:33 WI:149 WV:68 WY:398
[11000/13058] swept=11000 skipped=0 elapsed=47.0m eta=8.8m | AL:241 AR:237 AZ:499 CA:732 CO:512 CT:36 DE:21 FL:228 GA:234 IA:299 IL:270 IN:174 KS:411 KY:185 LA:224 MA:49 MD:63 ME:93 MI:216 MN:133 MO:264 MS:163 MT:102 NC:264 NE:321 NH:42 NJ:50 NM:476 NV:436 NY:259 OH:185 OK:285 OR:390 PA:176 RI:4 SC:107 SD:296 TN:146 TX:1003 UT:328 VA:157 VT:33 WI:190 WV:68 WY:398
[11250/13058] swept=11250 skipped=0 elapsed=48.2m eta=7.8m | AL:241 AR:237 AZ:499 CA:732 CO:512 CT:36 DE:21 FL:228 GA:234 IA:299 ID:2 IL:270 IN:174 KS:411 KY:185 LA:224 MA:49 MD:63 ME:116 MI:230 MN:151 MO:264 MS:163 MT:182 NC:264 ND:10 NE:321 NH:42 NJ:50 NM:476 NV:436 NY:259 OH:185 OK:285 OR:437 PA:176 RI:4 SC:107 SD:324 TN:146 TX:1003 UT:328 VA:157 VT:33 WA:10 WI:208 WV:68 WY:398
[11500/13058] swept=11500 skipped=0 elapsed=49.4m eta=6.7m | AL:241 AR:237 AZ:499 CA:732 CO:512 CT:36 DE:21 FL:228 GA:234 IA:299 ID:13 IL:270 IN:174 KS:411 KY:185 LA:224 MA:49 MD:63 ME:134 MI:274 MN:187 MO:264 MS:163 MT:223 NC:264 ND:58 NE:321 NH:42 NJ:50 NM:476 NV:436 NY:259 OH:185 OK:285 OR:447 PA:176 RI:4 SC:107 SD:324 TN:146 TX:1003 UT:328 VA:157 VT:33 WA:28 WI:232 WV:68 WY:398
[11750/13058] swept=11750 skipped=0 elapsed=50.5m eta=5.6m | AL:241 AR:237 AZ:499 CA:732 CO:512 CT:36 DE:21 FL:228 GA:234 IA:299 ID:37 IL:270 IN:174 KS:411 KY:185 LA:224 MA:49 MD:63 ME:146 MI:298 MN:205 MO:264 MS:163 MT:302 NC:264 ND:87 NE:321 NH:42 NJ:50 NM:476 NV:436 NY:259 OH:185 OK:285 OR:449 PA:176 RI:4 SC:107 SD:324 TN:146 TX:1003 UT:328 VA:157 VT:33 WA:82 WI:240 WV:68 WY:398
[12000/13058] swept=12000 skipped=0 elapsed=51.6m eta=4.6m | AL:241 AR:237 AZ:499 CA:732 CO:512 CT:36 DE:21 FL:228 GA:234 IA:299 ID:47 IL:270 IN:174 KS:411 KY:185 LA:224 MA:49 MD:63 ME:163 MI:333 MN:247 MO:264 MS:163 MT:348 NC:264 ND:143 NE:321 NH:42 NJ:50 NM:476 NV:436 NY:259 OH:185 OK:285 OR:449 PA:176 RI:4 SC:107 SD:324 TN:146 TX:1003 UT:328 VA:157 VT:33 WA:115 WI:251 WV:68 WY:398
[12250/13058] swept=12250 skipped=0 elapsed=52.8m eta=3.5m | AL:241 AR:237 AZ:499 CA:732 CO:512 CT:36 DE:21 FL:228 GA:234 IA:299 ID:64 IL:270 IN:174 KS:411 KY:185 LA:224 MA:49 MD:63 ME:169 MI:338 MN:271 MO:264 MS:163 MT:437 NC:264 ND:199 NE:321 NH:42 NJ:50 NM:476 NV:436 NY:259 OH:185 OK:285 OR:449 PA:176 RI:4 SC:107 SD:324 TN:146 TX:1003 UT:328 VA:157 VT:33 WA:167 WI:252 WV:68 WY:398
[12500/13058] swept=12500 skipped=0 elapsed=54.0m eta=2.4m | AL:241 AR:237 AZ:499 CA:732 CO:512 CT:36 DE:21 FL:228 GA:234 IA:299 ID:77 IL:270 IN:174 KS:411 KY:185 LA:224 MA:49 MD:63 ME:170 MI:343 MN:322 MO:264 MS:163 MT:530 NC:264 ND:227 NE:321 NH:42 NJ:50 NM:476 NV:436 NY:259 OH:185 OK:285 OR:449 PA:176 RI:4 SC:107 SD:324 TN:146 TX:1003 UT:328 VA:157 VT:33 WA:226 WI:252 WV:68 WY:398
[12750/13058] swept=12750 skipped=0 elapsed=55.0m eta=1.3m | AL:241 AR:237 AZ:499 CA:732 CO:512 CT:36 DE:21 FL:228 GA:234 IA:299 ID:87 IL:270 IN:174 KS:411 KY:185 LA:224 MA:49 MD:63 ME:170 MI:350 MN:378 MO:264 MS:163 MT:597 NC:264 ND:281 NE:321 NH:42 NJ:50 NM:476 NV:436 NY:259 OH:185 OK:285 OR:449 PA:176 RI:4 SC:107 SD:324 TN:146 TX:1003 UT:328 VA:157 VT:33 WA:282 WI:252 WV:68 WY:398
[13000/13058] swept=13000 skipped=0 elapsed=56.1m eta=0.3m | AL:241 AR:237 AZ:499 CA:732 CO:512 CT:36 DE:21 FL:228 GA:234 IA:299 ID:97 IL:270 IN:174 KS:411 KY:185 LA:224 MA:49 MD:63 ME:170 MI:350 MN:411 MO:264 MS:163 MT:703 NC:264 ND:335 NE:321 NH:42 NJ:50 NM:476 NV:436 NY:259 OH:185 OK:285 OR:449 PA:176 RI:4 SC:107 SD:324 TN:146 TX:1003 UT:328 VA:157 VT:33 WA:329 WI:252 WV:68 WY:398
[13058/13058] swept=13058 skipped=0 elapsed=56.4m eta=0.0m | AL:241 AR:237 AZ:499 CA:732 CO:512 CT:36 DE:21 FL:228 GA:234 IA:299 ID:97 IL:270 IN:174 KS:411 KY:185 LA:224 MA:49 MD:63 ME:170 MI:350 MN:423 MO:264 MS:163 MT:722 NC:264 ND:362 NE:321 NH:42 NJ:50 NM:476 NV:436 NY:259 OH:185 OK:285 OR:449 PA:176 RI:4 SC:107 SD:324 TN:146 TX:1003 UT:328 VA:157 VT:33 WA:329 WI:252 WV:68 WY:398

done in 56.5 min: 13462 grids, 13058 swept, 404 already done, 0 skipped
per state (grids / swept / skipped):
  AL    241   241     0
  AR    237   237     0
  AZ    499   499     0
  CA    732   732     0
  CO    512   512     0
  CT     36    36     0
  DE     21    21     0
  FL    257   228     0
  GA    234   234     0
  IA    299   299     0
  ID    461    97     0
  IL    270   270     0
  IN    174   174     0
  KS    411   411     0
  KY    185   185     0
  LA    224   224     0
  MA     49    49     0
  MD     63    63     0
  ME    170   170     0
  MI    350   350     0
  MN    423   423     0
  MO    264   264     0
  MS    163   163     0
  MT    722   722     0
  NC    264   264     0
  ND    362   362     0
  NE    321   321     0
  NH     42    42     0
  NJ     50    50     0
  NM    476   476     0
  NV    436   436     0
  NY    259   259     0
  OH    185   185     0
  OK    285   285     0
  OR    449   449     0
  PA    176   176     0
  RI      4     4     0
  SC    107   107     0
  SD    324   324     0
  TN    146   146     0
  TX   1014  1003     0
  UT    328   328     0
  VA    157   157     0
  VT     33    33     0
  WA    329   329     0
  WI    252   252     0
  WV     68    68     0
  WY    398   398     0
